c:\users\gülsüm karabulut\source\repos\unitercihgui\unitercihgui\x64\debug\vc143.pdb
c:\users\gülsüm karabulut\source\repos\unitercihgui\unitercihgui\x64\debug\vc143.idb
c:\users\gülsüm karabulut\source\repos\unitercihgui\unitercihgui\x64\debug\qrc_unitercihgui.obj
c:\users\gülsüm karabulut\source\repos\unitercihgui\unitercihgui\x64\debug\kayitekrani.obj
c:\users\gülsüm karabulut\source\repos\unitercihgui\unitercihgui\x64\debug\unitercihgui.obj
c:\users\gülsüm karabulut\source\repos\unitercihgui\unitercihgui\x64\debug\main.obj
c:\users\gülsüm karabulut\source\repos\unitercihgui\unitercihgui\x64\debug\girisekrani.obj
c:\users\gülsüm karabulut\source\repos\unitercihgui\unitercihgui\x64\debug\moc_kayitekrani.obj
c:\users\gülsüm karabulut\source\repos\unitercihgui\unitercihgui\x64\debug\moc_girisekrani.obj
c:\users\gülsüm karabulut\source\repos\unitercihgui\unitercihgui\x64\debug\moc_unitercihgui.obj
c:\users\gülsüm karabulut\source\repos\unitercihgui\x64\debug\unitercihgui.exe
c:\users\gülsüm karabulut\source\repos\unitercihgui\x64\debug\unitercihgui.pdb
c:\users\gülsüm karabulut\source\repos\unitercihgui\unitercihgui\x64\debug\qt\moc\moc_unitercihgui.cpp
c:\users\gülsüm karabulut\source\repos\unitercihgui\unitercihgui\x64\debug\qt\moc\moc_girisekrani.cpp
c:\users\gülsüm karabulut\source\repos\unitercihgui\unitercihgui\x64\debug\qt\moc\moc_kayitekrani.cpp
c:\users\gülsüm karabulut\source\repos\unitercihgui\unitercihgui\x64\debug\qt\rcc\qrc_unitercihgui.cpp
c:\users\gülsüm karabulut\source\repos\unitercihgui\unitercihgui\x64\debug\qt\uic\ui_girisekrani.h
c:\users\gülsüm karabulut\source\repos\unitercihgui\unitercihgui\x64\debug\qt\uic\ui_kayitekrani.h
c:\users\gülsüm karabulut\source\repos\unitercihgui\unitercihgui\x64\debug\qt\uic\ui_uniekledialog.h
c:\users\gülsüm karabulut\source\repos\unitercihgui\unitercihgui\x64\debug\qt\uic\ui_unitercihgui.h
c:\users\gülsüm karabulut\source\repos\unitercihgui\unitercihgui\x64\debug\unitercihgui.ilk
c:\users\gülsüm karabulut\source\repos\unitercihgui\unitercihgui\x64\debug\unitercihgui.tlog\cl.command.1.tlog
c:\users\gülsüm karabulut\source\repos\unitercihgui\unitercihgui\x64\debug\unitercihgui.tlog\cl.items.tlog
c:\users\gülsüm karabulut\source\repos\unitercihgui\unitercihgui\x64\debug\unitercihgui.tlog\cl.read.1.tlog
c:\users\gülsüm karabulut\source\repos\unitercihgui\unitercihgui\x64\debug\unitercihgui.tlog\cl.write.1.tlog
c:\users\gülsüm karabulut\source\repos\unitercihgui\unitercihgui\x64\debug\unitercihgui.tlog\link.command.1.tlog
c:\users\gülsüm karabulut\source\repos\unitercihgui\unitercihgui\x64\debug\unitercihgui.tlog\link.read.1.tlog
c:\users\gülsüm karabulut\source\repos\unitercihgui\unitercihgui\x64\debug\unitercihgui.tlog\link.secondary.1.tlog
c:\users\gülsüm karabulut\source\repos\unitercihgui\unitercihgui\x64\debug\unitercihgui.tlog\link.write.1.tlog
c:\users\gülsüm karabulut\source\repos\unitercihgui\unitercihgui\x64\debug\unitercihgui.tlog\moc.read.1u.tlog
c:\users\gülsüm karabulut\source\repos\unitercihgui\unitercihgui\x64\debug\unitercihgui.tlog\moc.write.1u.tlog
c:\users\gülsüm karabulut\source\repos\unitercihgui\unitercihgui\x64\debug\unitercihgui.tlog\rcc.read.1u.tlog
c:\users\gülsüm karabulut\source\repos\unitercihgui\unitercihgui\x64\debug\unitercihgui.tlog\rcc.write.1u.tlog
c:\users\gülsüm karabulut\source\repos\unitercihgui\unitercihgui\x64\debug\unitercihgui.tlog\uic.read.1u.tlog
c:\users\gülsüm karabulut\source\repos\unitercihgui\unitercihgui\x64\debug\unitercihgui.tlog\uic.write.1u.tlog
c:\users\gülsüm karabulut\source\repos\unitercihgui\unitercihgui\x64\debug\unitercihgui.tlog\unitercihgui.write.1u.tlog
